
> healthspan@0.1.0 build
> next build

⚠ Warning: Next.js inferred your workspace root, but it may not be correct.
 We detected multiple lockfiles and selected the directory of /home/fzicat/projects/healthspan-training-planning/package-lock.json as the root directory.
 To silence this warning, set `turbopack.root` in your Next.js config, or consider removing one of the lockfiles if it's not needed.
   See https://nextjs.org/docs/app/api-reference/config/next-config-js/turbopack#root-directory for more information.
 Detected additional lockfiles:
   * /home/fzicat/projects/healthspan-training-planning/.training-test/baseline/package-lock.json

▲ Next.js 16.1.4 (Turbopack)

⚠ The "middleware" file convention is deprecated. Please use "proxy" instead. Learn more: https://nextjs.org/docs/messages/middleware-to-proxy
  Creating an optimized production build ...
✓ Compiled successfully in 1471.3ms
  Running TypeScript ...
  Collecting page data using 11 workers ...
  Generating static pages using 11 workers (0/19) ...
  Generating static pages using 11 workers (4/19)
  Generating static pages using 11 workers (9/19)
  Generating static pages using 11 workers (14/19)
✓ Generating static pages using 11 workers (19/19) in 222.7ms
  Finalizing page optimization ...

Route (app)
┌ ○ /
├ ○ /_not-found
├ ƒ /auth/callback
├ ○ /breathwork
├ ○ /cardio
├ ○ /evening
├ ƒ /exercise/[id]
├ ○ /icon.png
├ ○ /library
├ ○ /login
├ ○ /morning
├ ○ /report
├ ○ /report/bloodwork
├ ○ /report/hrv
├ ○ /report/weight
├ ○ /report/workout
├ ○ /scheduled
├ ƒ /scheduled/[date]
├ ○ /settings
└ ○ /strength


ƒ Proxy (Middleware)

○  (Static)   prerendered as static content
ƒ  (Dynamic)  server-rendered on demand
